running develop
Removing /home/thinhnguyen/ros2-lidar-obstacle-avoidance/ros2_ws/install/scan_reader_pkg/lib/python3.10/site-packages/scan-reader-pkg.egg-link (link to .)
running egg_info
writing ../../build/scan_reader_pkg/scan_reader_pkg.egg-info/PKG-INFO
writing dependency_links to ../../build/scan_reader_pkg/scan_reader_pkg.egg-info/dependency_links.txt
writing entry points to ../../build/scan_reader_pkg/scan_reader_pkg.egg-info/entry_points.txt
writing requirements to ../../build/scan_reader_pkg/scan_reader_pkg.egg-info/requires.txt
writing top-level names to ../../build/scan_reader_pkg/scan_reader_pkg.egg-info/top_level.txt
reading manifest file '../../build/scan_reader_pkg/scan_reader_pkg.egg-info/SOURCES.txt'
writing manifest file '../../build/scan_reader_pkg/scan_reader_pkg.egg-info/SOURCES.txt'
running build
running build_py
creating /home/thinhnguyen/ros2-lidar-obstacle-avoidance/ros2_ws/build/scan_reader_pkg/build
creating /home/thinhnguyen/ros2-lidar-obstacle-avoidance/ros2_ws/build/scan_reader_pkg/build/lib
creating /home/thinhnguyen/ros2-lidar-obstacle-avoidance/ros2_ws/build/scan_reader_pkg/build/lib/scan_reader_pkg
copying scan_reader_pkg/scan_reader.py -> /home/thinhnguyen/ros2-lidar-obstacle-avoidance/ros2_ws/build/scan_reader_pkg/build/lib/scan_reader_pkg
copying scan_reader_pkg/__init__.py -> /home/thinhnguyen/ros2-lidar-obstacle-avoidance/ros2_ws/build/scan_reader_pkg/build/lib/scan_reader_pkg
running install
running install_lib
creating /home/thinhnguyen/ros2-lidar-obstacle-avoidance/ros2_ws/install/scan_reader_pkg/lib/python3.10/site-packages/scan_reader_pkg
copying /home/thinhnguyen/ros2-lidar-obstacle-avoidance/ros2_ws/build/scan_reader_pkg/build/lib/scan_reader_pkg/scan_reader.py -> /home/thinhnguyen/ros2-lidar-obstacle-avoidance/ros2_ws/install/scan_reader_pkg/lib/python3.10/site-packages/scan_reader_pkg
copying /home/thinhnguyen/ros2-lidar-obstacle-avoidance/ros2_ws/build/scan_reader_pkg/build/lib/scan_reader_pkg/__init__.py -> /home/thinhnguyen/ros2-lidar-obstacle-avoidance/ros2_ws/install/scan_reader_pkg/lib/python3.10/site-packages/scan_reader_pkg
byte-compiling /home/thinhnguyen/ros2-lidar-obstacle-avoidance/ros2_ws/install/scan_reader_pkg/lib/python3.10/site-packages/scan_reader_pkg/scan_reader.py to scan_reader.cpython-310.pyc
byte-compiling /home/thinhnguyen/ros2-lidar-obstacle-avoidance/ros2_ws/install/scan_reader_pkg/lib/python3.10/site-packages/scan_reader_pkg/__init__.py to __init__.cpython-310.pyc
running install_data
copying resource/scan_reader_pkg -> /home/thinhnguyen/ros2-lidar-obstacle-avoidance/ros2_ws/install/scan_reader_pkg/share/ament_index/resource_index/packages
copying package.xml -> /home/thinhnguyen/ros2-lidar-obstacle-avoidance/ros2_ws/install/scan_reader_pkg/share/scan_reader_pkg
running install_egg_info
Copying ../../build/scan_reader_pkg/scan_reader_pkg.egg-info to /home/thinhnguyen/ros2-lidar-obstacle-avoidance/ros2_ws/install/scan_reader_pkg/lib/python3.10/site-packages/scan_reader_pkg-0.0.0-py3.10.egg-info
running install_scripts
Installing scan_reader script to /home/thinhnguyen/ros2-lidar-obstacle-avoidance/ros2_ws/install/scan_reader_pkg/lib/scan_reader_pkg
writing list of installed files to '/home/thinhnguyen/ros2-lidar-obstacle-avoidance/ros2_ws/build/scan_reader_pkg/install.log'
