[2.260s] Invoking command in '/home/thinhnguyen/ros2-lidar-obstacle-avoidance/ros2_ws/build/scan_reader_pkg': PYTHONPATH=/home/thinhnguyen/ros2-lidar-obstacle-avoidance/ros2_ws/build/scan_reader_pkg/prefix_override:/usr/lib/python3/dist-packages/colcon_core/task/python/colcon_distutils_commands:/home/thinhnguyen/ros2-lidar-obstacle-avoidance/ros2_ws/install/scan_reader_pkg/lib/python3.10/site-packages:${PYTHONPATH} /usr/bin/python3 -W ignore:setup.py install is deprecated -W ignore:easy_install command is deprecated setup.py develop --uninstall --editable --build-directory /home/thinhnguyen/ros2-lidar-obstacle-avoidance/ros2_ws/build/scan_reader_pkg/build
[3.007s] running develop
[3.430s] Removing /home/thinhnguyen/ros2-lidar-obstacle-avoidance/ros2_ws/install/scan_reader_pkg/lib/python3.10/site-packages/scan-reader-pkg.egg-link (link to .)
[3.493s] Invoked command in '/home/thinhnguyen/ros2-lidar-obstacle-avoidance/ros2_ws/build/scan_reader_pkg' returned '0': PYTHONPATH=/home/thinhnguyen/ros2-lidar-obstacle-avoidance/ros2_ws/build/scan_reader_pkg/prefix_override:/usr/lib/python3/dist-packages/colcon_core/task/python/colcon_distutils_commands:/home/thinhnguyen/ros2-lidar-obstacle-avoidance/ros2_ws/install/scan_reader_pkg/lib/python3.10/site-packages:${PYTHONPATH} /usr/bin/python3 -W ignore:setup.py install is deprecated -W ignore:easy_install command is deprecated setup.py develop --uninstall --editable --build-directory /home/thinhnguyen/ros2-lidar-obstacle-avoidance/ros2_ws/build/scan_reader_pkg/build
[3.499s] Invoking command in '/home/thinhnguyen/ros2-lidar-obstacle-avoidance/ros2_ws/src/scan_reader_pkg': PYTHONPATH=/home/thinhnguyen/ros2-lidar-obstacle-avoidance/ros2_ws/build/scan_reader_pkg/prefix_override:/usr/lib/python3/dist-packages/colcon_core/task/python/colcon_distutils_commands:/home/thinhnguyen/ros2-lidar-obstacle-avoidance/ros2_ws/install/scan_reader_pkg/lib/python3.10/site-packages:${PYTHONPATH} /usr/bin/python3 -W ignore:setup.py install is deprecated -W ignore:easy_install command is deprecated setup.py egg_info --egg-base ../../build/scan_reader_pkg build --build-base /home/thinhnguyen/ros2-lidar-obstacle-avoidance/ros2_ws/build/scan_reader_pkg/build install --record /home/thinhnguyen/ros2-lidar-obstacle-avoidance/ros2_ws/build/scan_reader_pkg/install.log --install-scripts $base/lib/scan_reader_pkg --single-version-externally-managed install_data --force
[4.100s] running egg_info
[4.102s] writing ../../build/scan_reader_pkg/scan_reader_pkg.egg-info/PKG-INFO
[4.104s] writing dependency_links to ../../build/scan_reader_pkg/scan_reader_pkg.egg-info/dependency_links.txt
[4.105s] writing entry points to ../../build/scan_reader_pkg/scan_reader_pkg.egg-info/entry_points.txt
[4.106s] writing requirements to ../../build/scan_reader_pkg/scan_reader_pkg.egg-info/requires.txt
[4.107s] writing top-level names to ../../build/scan_reader_pkg/scan_reader_pkg.egg-info/top_level.txt
[4.111s] reading manifest file '../../build/scan_reader_pkg/scan_reader_pkg.egg-info/SOURCES.txt'
[4.114s] writing manifest file '../../build/scan_reader_pkg/scan_reader_pkg.egg-info/SOURCES.txt'
[4.115s] running build
[4.115s] running build_py
[4.116s] creating /home/thinhnguyen/ros2-lidar-obstacle-avoidance/ros2_ws/build/scan_reader_pkg/build
[4.117s] creating /home/thinhnguyen/ros2-lidar-obstacle-avoidance/ros2_ws/build/scan_reader_pkg/build/lib
[4.119s] creating /home/thinhnguyen/ros2-lidar-obstacle-avoidance/ros2_ws/build/scan_reader_pkg/build/lib/scan_reader_pkg
[4.120s] copying scan_reader_pkg/scan_reader.py -> /home/thinhnguyen/ros2-lidar-obstacle-avoidance/ros2_ws/build/scan_reader_pkg/build/lib/scan_reader_pkg
[4.121s] copying scan_reader_pkg/__init__.py -> /home/thinhnguyen/ros2-lidar-obstacle-avoidance/ros2_ws/build/scan_reader_pkg/build/lib/scan_reader_pkg
[4.122s] running install
[4.123s] running install_lib
[4.125s] creating /home/thinhnguyen/ros2-lidar-obstacle-avoidance/ros2_ws/install/scan_reader_pkg/lib/python3.10/site-packages/scan_reader_pkg
[4.128s] copying /home/thinhnguyen/ros2-lidar-obstacle-avoidance/ros2_ws/build/scan_reader_pkg/build/lib/scan_reader_pkg/scan_reader.py -> /home/thinhnguyen/ros2-lidar-obstacle-avoidance/ros2_ws/install/scan_reader_pkg/lib/python3.10/site-packages/scan_reader_pkg
[4.128s] copying /home/thinhnguyen/ros2-lidar-obstacle-avoidance/ros2_ws/build/scan_reader_pkg/build/lib/scan_reader_pkg/__init__.py -> /home/thinhnguyen/ros2-lidar-obstacle-avoidance/ros2_ws/install/scan_reader_pkg/lib/python3.10/site-packages/scan_reader_pkg
[4.130s] byte-compiling /home/thinhnguyen/ros2-lidar-obstacle-avoidance/ros2_ws/install/scan_reader_pkg/lib/python3.10/site-packages/scan_reader_pkg/scan_reader.py to scan_reader.cpython-310.pyc
[4.133s] byte-compiling /home/thinhnguyen/ros2-lidar-obstacle-avoidance/ros2_ws/install/scan_reader_pkg/lib/python3.10/site-packages/scan_reader_pkg/__init__.py to __init__.cpython-310.pyc
[4.135s] running install_data
[4.139s] copying resource/scan_reader_pkg -> /home/thinhnguyen/ros2-lidar-obstacle-avoidance/ros2_ws/install/scan_reader_pkg/share/ament_index/resource_index/packages
[4.140s] copying package.xml -> /home/thinhnguyen/ros2-lidar-obstacle-avoidance/ros2_ws/install/scan_reader_pkg/share/scan_reader_pkg
[4.140s] running install_egg_info
[4.148s] Copying ../../build/scan_reader_pkg/scan_reader_pkg.egg-info to /home/thinhnguyen/ros2-lidar-obstacle-avoidance/ros2_ws/install/scan_reader_pkg/lib/python3.10/site-packages/scan_reader_pkg-0.0.0-py3.10.egg-info
[4.157s] running install_scripts
[4.217s] Installing scan_reader script to /home/thinhnguyen/ros2-lidar-obstacle-avoidance/ros2_ws/install/scan_reader_pkg/lib/scan_reader_pkg
[4.220s] writing list of installed files to '/home/thinhnguyen/ros2-lidar-obstacle-avoidance/ros2_ws/build/scan_reader_pkg/install.log'
[4.288s] Invoked command in '/home/thinhnguyen/ros2-lidar-obstacle-avoidance/ros2_ws/src/scan_reader_pkg' returned '0': PYTHONPATH=/home/thinhnguyen/ros2-lidar-obstacle-avoidance/ros2_ws/build/scan_reader_pkg/prefix_override:/usr/lib/python3/dist-packages/colcon_core/task/python/colcon_distutils_commands:/home/thinhnguyen/ros2-lidar-obstacle-avoidance/ros2_ws/install/scan_reader_pkg/lib/python3.10/site-packages:${PYTHONPATH} /usr/bin/python3 -W ignore:setup.py install is deprecated -W ignore:easy_install command is deprecated setup.py egg_info --egg-base ../../build/scan_reader_pkg build --build-base /home/thinhnguyen/ros2-lidar-obstacle-avoidance/ros2_ws/build/scan_reader_pkg/build install --record /home/thinhnguyen/ros2-lidar-obstacle-avoidance/ros2_ws/build/scan_reader_pkg/install.log --install-scripts $base/lib/scan_reader_pkg --single-version-externally-managed install_data --force
