[1.685s] Invoking command in '/home/thinhnguyen/ros2-lidar-obstacle-avoidance/ros2_ws/src/scan_reader_pkg': PYTHONPATH=/home/thinhnguyen/ros2-lidar-obstacle-avoidance/ros2_ws/build/scan_reader_pkg/prefix_override:/usr/lib/python3/dist-packages/colcon_core/task/python/colcon_distutils_commands:/home/thinhnguyen/ros2-lidar-obstacle-avoidance/ros2_ws/install/scan_reader_pkg/lib/python3.10/site-packages:${PYTHONPATH} /usr/bin/python3 -W ignore:setup.py install is deprecated -W ignore:easy_install command is deprecated setup.py egg_info --egg-base ../../build/scan_reader_pkg build --build-base /home/thinhnguyen/ros2-lidar-obstacle-avoidance/ros2_ws/build/scan_reader_pkg/build install --record /home/thinhnguyen/ros2-lidar-obstacle-avoidance/ros2_ws/build/scan_reader_pkg/install.log --install-scripts $base/lib/scan_reader_pkg --single-version-externally-managed install_data
[2.328s] running egg_info
[2.331s] writing ../../build/scan_reader_pkg/scan_reader_pkg.egg-info/PKG-INFO
[2.335s] writing dependency_links to ../../build/scan_reader_pkg/scan_reader_pkg.egg-info/dependency_links.txt
[2.337s] writing entry points to ../../build/scan_reader_pkg/scan_reader_pkg.egg-info/entry_points.txt
[2.338s] writing requirements to ../../build/scan_reader_pkg/scan_reader_pkg.egg-info/requires.txt
[2.339s] writing top-level names to ../../build/scan_reader_pkg/scan_reader_pkg.egg-info/top_level.txt
[2.346s] reading manifest file '../../build/scan_reader_pkg/scan_reader_pkg.egg-info/SOURCES.txt'
[2.352s] writing manifest file '../../build/scan_reader_pkg/scan_reader_pkg.egg-info/SOURCES.txt'
[2.352s] running build
[2.353s] running build_py
[2.354s] copying scan_reader_pkg/obstacle_avoidance.py -> /home/thinhnguyen/ros2-lidar-obstacle-avoidance/ros2_ws/build/scan_reader_pkg/build/lib/scan_reader_pkg
[2.355s] running install
[2.356s] running install_lib
[2.359s] copying /home/thinhnguyen/ros2-lidar-obstacle-avoidance/ros2_ws/build/scan_reader_pkg/build/lib/scan_reader_pkg/obstacle_avoidance.py -> /home/thinhnguyen/ros2-lidar-obstacle-avoidance/ros2_ws/install/scan_reader_pkg/lib/python3.10/site-packages/scan_reader_pkg
[2.360s] byte-compiling /home/thinhnguyen/ros2-lidar-obstacle-avoidance/ros2_ws/install/scan_reader_pkg/lib/python3.10/site-packages/scan_reader_pkg/obstacle_avoidance.py to obstacle_avoidance.cpython-310.pyc
[2.366s] running install_data
[2.367s] running install_egg_info
[2.376s] removing '/home/thinhnguyen/ros2-lidar-obstacle-avoidance/ros2_ws/install/scan_reader_pkg/lib/python3.10/site-packages/scan_reader_pkg-0.0.0-py3.10.egg-info' (and everything under it)
[2.378s] Copying ../../build/scan_reader_pkg/scan_reader_pkg.egg-info to /home/thinhnguyen/ros2-lidar-obstacle-avoidance/ros2_ws/install/scan_reader_pkg/lib/python3.10/site-packages/scan_reader_pkg-0.0.0-py3.10.egg-info
[2.386s] running install_scripts
[2.445s] Installing obstacle_avoidance script to /home/thinhnguyen/ros2-lidar-obstacle-avoidance/ros2_ws/install/scan_reader_pkg/lib/scan_reader_pkg
[2.446s] Installing scan_reader script to /home/thinhnguyen/ros2-lidar-obstacle-avoidance/ros2_ws/install/scan_reader_pkg/lib/scan_reader_pkg
[2.447s] writing list of installed files to '/home/thinhnguyen/ros2-lidar-obstacle-avoidance/ros2_ws/build/scan_reader_pkg/install.log'
[2.539s] Invoked command in '/home/thinhnguyen/ros2-lidar-obstacle-avoidance/ros2_ws/src/scan_reader_pkg' returned '0': PYTHONPATH=/home/thinhnguyen/ros2-lidar-obstacle-avoidance/ros2_ws/build/scan_reader_pkg/prefix_override:/usr/lib/python3/dist-packages/colcon_core/task/python/colcon_distutils_commands:/home/thinhnguyen/ros2-lidar-obstacle-avoidance/ros2_ws/install/scan_reader_pkg/lib/python3.10/site-packages:${PYTHONPATH} /usr/bin/python3 -W ignore:setup.py install is deprecated -W ignore:easy_install command is deprecated setup.py egg_info --egg-base ../../build/scan_reader_pkg build --build-base /home/thinhnguyen/ros2-lidar-obstacle-avoidance/ros2_ws/build/scan_reader_pkg/build install --record /home/thinhnguyen/ros2-lidar-obstacle-avoidance/ros2_ws/build/scan_reader_pkg/install.log --install-scripts $base/lib/scan_reader_pkg --single-version-externally-managed install_data
