[1.040s] DEBUG:colcon:Command line arguments: ['/usr/bin/colcon', 'build', '--symlink-install']
[1.041s] DEBUG:colcon:Parsed command line arguments: Namespace(log_base=None, log_level=None, verb_name='build', build_base='build', install_base='install', merge_install=False, symlink_install=True, test_result_base=None, continue_on_error=False, executor='parallel', parallel_workers=12, event_handlers=None, ignore_user_meta=False, metas=['./colcon.meta'], base_paths=['.'], packages_ignore=None, packages_ignore_regex=None, paths=None, packages_up_to=None, packages_up_to_regex=None, packages_above=None, packages_above_and_dependencies=None, packages_above_depth=None, packages_select_by_dep=None, packages_skip_by_dep=None, packages_skip_up_to=None, packages_select_build_failed=False, packages_skip_build_finished=False, packages_select_test_failures=False, packages_skip_test_passed=False, packages_select=None, packages_skip=None, packages_select_regex=None, packages_skip_regex=None, packages_start=None, packages_end=None, allow_overriding=[], cmake_args=None, cmake_target=None, cmake_target_skip_unavailable=False, cmake_clean_cache=False, cmake_clean_first=False, cmake_force_configure=False, ament_cmake_args=None, catkin_cmake_args=None, catkin_skip_building_tests=False, mixin_files=None, mixin=None, verb_parser=<colcon_mixin.mixin.mixin_argument.MixinArgumentDecorator object at 0x77dcd6849630>, verb_extension=<colcon_core.verb.build.BuildVerb object at 0x77dcd6848880>, main=<bound method BuildVerb.main of <colcon_core.verb.build.BuildVerb object at 0x77dcd6848880>>, mixin_verb=('build',))
[2.128s] Level 1:colcon.colcon_core.package_discovery:discover_packages(colcon_meta) check parameters
[2.128s] Level 1:colcon.colcon_core.package_discovery:discover_packages(recursive) check parameters
[2.128s] Level 1:colcon.colcon_core.package_discovery:discover_packages(ignore) check parameters
[2.128s] Level 1:colcon.colcon_core.package_discovery:discover_packages(path) check parameters
[2.129s] Level 1:colcon.colcon_core.package_discovery:discover_packages(colcon_meta) discover
[2.129s] Level 1:colcon.colcon_core.package_discovery:discover_packages(recursive) discover
[2.129s] INFO:colcon.colcon_core.package_discovery:Crawling recursively for packages in '/home/thinhnguyen/ros2-lidar-obstacle-avoidance/ros2_ws'
[2.129s] Level 1:colcon.colcon_core.package_identification:_identify(.) by extensions ['ignore', 'ignore_ament_install']
[2.130s] Level 1:colcon.colcon_core.package_identification:_identify(.) by extension 'ignore'
[2.130s] Level 1:colcon.colcon_core.package_identification:_identify(.) by extension 'ignore_ament_install'
[2.130s] Level 1:colcon.colcon_core.package_identification:_identify(.) by extensions ['colcon_pkg']
[2.130s] Level 1:colcon.colcon_core.package_identification:_identify(.) by extension 'colcon_pkg'
[2.130s] Level 1:colcon.colcon_core.package_identification:_identify(.) by extensions ['colcon_meta']
[2.131s] Level 1:colcon.colcon_core.package_identification:_identify(.) by extension 'colcon_meta'
[2.131s] Level 1:colcon.colcon_core.package_identification:_identify(.) by extensions ['ros']
[2.131s] Level 1:colcon.colcon_core.package_identification:_identify(.) by extension 'ros'
[2.161s] Level 1:colcon.colcon_core.package_identification:_identify(.) by extensions ['cmake', 'python']
[2.161s] Level 1:colcon.colcon_core.package_identification:_identify(.) by extension 'cmake'
[2.161s] Level 1:colcon.colcon_core.package_identification:_identify(.) by extension 'python'
[2.161s] Level 1:colcon.colcon_core.package_identification:_identify(.) by extensions ['python_setup_py']
[2.161s] Level 1:colcon.colcon_core.package_identification:_identify(.) by extension 'python_setup_py'
[2.162s] Level 1:colcon.colcon_core.package_identification:_identify(build) by extensions ['ignore', 'ignore_ament_install']
[2.162s] Level 1:colcon.colcon_core.package_identification:_identify(build) by extension 'ignore'
[2.163s] Level 1:colcon.colcon_core.package_identification:_identify(build) ignored
[2.163s] Level 1:colcon.colcon_core.package_identification:_identify(install) by extensions ['ignore', 'ignore_ament_install']
[2.164s] Level 1:colcon.colcon_core.package_identification:_identify(install) by extension 'ignore'
[2.164s] Level 1:colcon.colcon_core.package_identification:_identify(install) ignored
[2.165s] Level 1:colcon.colcon_core.package_identification:_identify(log) by extensions ['ignore', 'ignore_ament_install']
[2.165s] Level 1:colcon.colcon_core.package_identification:_identify(log) by extension 'ignore'
[2.165s] Level 1:colcon.colcon_core.package_identification:_identify(log) ignored
[2.166s] Level 1:colcon.colcon_core.package_identification:_identify(src) by extensions ['ignore', 'ignore_ament_install']
[2.166s] Level 1:colcon.colcon_core.package_identification:_identify(src) by extension 'ignore'
[2.166s] Level 1:colcon.colcon_core.package_identification:_identify(src) by extension 'ignore_ament_install'
[2.167s] Level 1:colcon.colcon_core.package_identification:_identify(src) by extensions ['colcon_pkg']
[2.167s] Level 1:colcon.colcon_core.package_identification:_identify(src) by extension 'colcon_pkg'
[2.167s] Level 1:colcon.colcon_core.package_identification:_identify(src) by extensions ['colcon_meta']
[2.167s] Level 1:colcon.colcon_core.package_identification:_identify(src) by extension 'colcon_meta'
[2.167s] Level 1:colcon.colcon_core.package_identification:_identify(src) by extensions ['ros']
[2.168s] Level 1:colcon.colcon_core.package_identification:_identify(src) by extension 'ros'
[2.168s] Level 1:colcon.colcon_core.package_identification:_identify(src) by extensions ['cmake', 'python']
[2.168s] Level 1:colcon.colcon_core.package_identification:_identify(src) by extension 'cmake'
[2.168s] Level 1:colcon.colcon_core.package_identification:_identify(src) by extension 'python'
[2.168s] Level 1:colcon.colcon_core.package_identification:_identify(src) by extensions ['python_setup_py']
[2.168s] Level 1:colcon.colcon_core.package_identification:_identify(src) by extension 'python_setup_py'
[2.169s] Level 1:colcon.colcon_core.package_identification:_identify(src/scan_reader_pkg) by extensions ['ignore', 'ignore_ament_install']
[2.169s] Level 1:colcon.colcon_core.package_identification:_identify(src/scan_reader_pkg) by extension 'ignore'
[2.169s] Level 1:colcon.colcon_core.package_identification:_identify(src/scan_reader_pkg) by extension 'ignore_ament_install'
[2.170s] Level 1:colcon.colcon_core.package_identification:_identify(src/scan_reader_pkg) by extensions ['colcon_pkg']
[2.170s] Level 1:colcon.colcon_core.package_identification:_identify(src/scan_reader_pkg) by extension 'colcon_pkg'
[2.170s] Level 1:colcon.colcon_core.package_identification:_identify(src/scan_reader_pkg) by extensions ['colcon_meta']
[2.170s] Level 1:colcon.colcon_core.package_identification:_identify(src/scan_reader_pkg) by extension 'colcon_meta'
[2.171s] Level 1:colcon.colcon_core.package_identification:_identify(src/scan_reader_pkg) by extensions ['ros']
[2.171s] Level 1:colcon.colcon_core.package_identification:_identify(src/scan_reader_pkg) by extension 'ros'
[2.182s] DEBUG:colcon.colcon_core.package_identification:Package 'src/scan_reader_pkg' with type 'ros.ament_python' and name 'scan_reader_pkg'
[2.182s] Level 1:colcon.colcon_core.package_discovery:discover_packages(recursive) using defaults
[2.183s] Level 1:colcon.colcon_core.package_discovery:discover_packages(ignore) discover
[2.183s] Level 1:colcon.colcon_core.package_discovery:discover_packages(ignore) using defaults
[2.183s] Level 1:colcon.colcon_core.package_discovery:discover_packages(path) discover
[2.183s] Level 1:colcon.colcon_core.package_discovery:discover_packages(path) using defaults
[2.280s] Level 1:colcon.colcon_core.package_discovery:discover_packages(prefix_path) check parameters
[2.280s] Level 1:colcon.colcon_core.package_discovery:discover_packages(prefix_path) discover
[2.294s] DEBUG:colcon.colcon_installed_package_information.package_discovery:Found 273 installed packages in /opt/ros/humble
[2.299s] Level 1:colcon.colcon_core.package_discovery:discover_packages(prefix_path) using defaults
[2.559s] Level 5:colcon.colcon_core.verb:set package 'scan_reader_pkg' build argument 'cmake_args' from command line to 'None'
[2.559s] Level 5:colcon.colcon_core.verb:set package 'scan_reader_pkg' build argument 'cmake_target' from command line to 'None'
[2.559s] Level 5:colcon.colcon_core.verb:set package 'scan_reader_pkg' build argument 'cmake_target_skip_unavailable' from command line to 'False'
[2.560s] Level 5:colcon.colcon_core.verb:set package 'scan_reader_pkg' build argument 'cmake_clean_cache' from command line to 'False'
[2.560s] Level 5:colcon.colcon_core.verb:set package 'scan_reader_pkg' build argument 'cmake_clean_first' from command line to 'False'
[2.560s] Level 5:colcon.colcon_core.verb:set package 'scan_reader_pkg' build argument 'cmake_force_configure' from command line to 'False'
[2.560s] Level 5:colcon.colcon_core.verb:set package 'scan_reader_pkg' build argument 'ament_cmake_args' from command line to 'None'
[2.560s] Level 5:colcon.colcon_core.verb:set package 'scan_reader_pkg' build argument 'catkin_cmake_args' from command line to 'None'
[2.560s] Level 5:colcon.colcon_core.verb:set package 'scan_reader_pkg' build argument 'catkin_skip_building_tests' from command line to 'False'
[2.560s] DEBUG:colcon.colcon_core.verb:Building package 'scan_reader_pkg' with the following arguments: {'ament_cmake_args': None, 'build_base': '/home/thinhnguyen/ros2-lidar-obstacle-avoidance/ros2_ws/build/scan_reader_pkg', 'catkin_cmake_args': None, 'catkin_skip_building_tests': False, 'cmake_args': None, 'cmake_clean_cache': False, 'cmake_clean_first': False, 'cmake_force_configure': False, 'cmake_target': None, 'cmake_target_skip_unavailable': False, 'install_base': '/home/thinhnguyen/ros2-lidar-obstacle-avoidance/ros2_ws/install/scan_reader_pkg', 'merge_install': False, 'path': '/home/thinhnguyen/ros2-lidar-obstacle-avoidance/ros2_ws/src/scan_reader_pkg', 'symlink_install': True, 'test_result_base': None}
[2.561s] INFO:colcon.colcon_core.executor:Executing jobs using 'parallel' executor
[2.566s] DEBUG:colcon.colcon_parallel_executor.executor.parallel:run_until_complete
[2.567s] INFO:colcon.colcon_ros.task.ament_python.build:Building ROS package in '/home/thinhnguyen/ros2-lidar-obstacle-avoidance/ros2_ws/src/scan_reader_pkg' with build type 'ament_python'
[2.569s] Level 1:colcon.colcon_core.shell:create_environment_hook('scan_reader_pkg', 'ament_prefix_path')
[2.586s] INFO:colcon.colcon_core.plugin_system:Skipping extension 'colcon_core.shell.bat': Not used on non-Windows systems
[2.587s] INFO:colcon.colcon_core.shell:Creating environment hook '/home/thinhnguyen/ros2-lidar-obstacle-avoidance/ros2_ws/install/scan_reader_pkg/share/scan_reader_pkg/hook/ament_prefix_path.ps1'
[2.598s] INFO:colcon.colcon_core.shell:Creating environment descriptor '/home/thinhnguyen/ros2-lidar-obstacle-avoidance/ros2_ws/install/scan_reader_pkg/share/scan_reader_pkg/hook/ament_prefix_path.dsv'
[2.601s] INFO:colcon.colcon_core.shell:Creating environment hook '/home/thinhnguyen/ros2-lidar-obstacle-avoidance/ros2_ws/install/scan_reader_pkg/share/scan_reader_pkg/hook/ament_prefix_path.sh'
[2.604s] INFO:colcon.colcon_core.shell:Skip shell extension 'powershell' for command environment: Not usable outside of PowerShell
[2.605s] DEBUG:colcon.colcon_core.shell:Skip shell extension 'dsv' for command environment
[3.295s] INFO:colcon.colcon_core.task.python.build:Building Python package in '/home/thinhnguyen/ros2-lidar-obstacle-avoidance/ros2_ws/src/scan_reader_pkg'
[3.295s] INFO:colcon.colcon_core.shell:Skip shell extension 'powershell' for command environment: Not usable outside of PowerShell
[3.296s] DEBUG:colcon.colcon_core.shell:Skip shell extension 'dsv' for command environment
[4.719s] DEBUG:colcon.colcon_core.task.python.build:Available setuptools commands: bdist_egg, egg_info, build, build_clib, register, build_py, check, install_egg_info, setopt, symlink_data, install_lib, upload_docs, update_catalog, install_scripts, upload, saveopts, bdist_dumb, install_data, extract_messages, develop, test, install_headers, compile_catalog, build_scripts, dist_info, easy_install, rotate, bdist_rpm, bdist, build_ext, install, clean, sdist, alias, init_catalog
[5.465s] DEBUG:colcon.colcon_core.task.python.build:Available setuptools 'develop' options: --find-links, --quiet, --install-dir, --allow-hosts, --always-unzip, --always-copy, --local-snapshots-ok, --version, --dry-run, --script-dir, --user, --exclude-scripts, --index-url, --site-dirs, --uninstall, --force-installation-into-system-dir, --editable, --egg-path, --help, --no-deps, --zip-ok, --prefix, --record, --build-directory, --no-find-links, --verbose, --no-user-cfg, --upgrade, --optimize, --multi-version, --install-layout
[5.489s] DEBUG:colcon.colcon_core.event_handler.log_command:Invoking command in '/home/thinhnguyen/ros2-lidar-obstacle-avoidance/ros2_ws/build/scan_reader_pkg': PYTHONPATH=/home/thinhnguyen/ros2-lidar-obstacle-avoidance/ros2_ws/build/scan_reader_pkg/prefix_override:/usr/lib/python3/dist-packages/colcon_core/task/python/colcon_distutils_commands:/home/thinhnguyen/ros2-lidar-obstacle-avoidance/ros2_ws/install/scan_reader_pkg/lib/python3.10/site-packages:${PYTHONPATH} /usr/bin/python3 -W ignore:setup.py install is deprecated -W ignore:easy_install command is deprecated setup.py develop --editable --build-directory /home/thinhnguyen/ros2-lidar-obstacle-avoidance/ros2_ws/build/scan_reader_pkg/build --no-deps symlink_data
[6.563s] Level 1:colcon.colcon_core.shell:create_environment_hook('scan_reader_pkg', 'pythonpath_develop')
[6.564s] INFO:colcon.colcon_core.shell:Creating environment hook '/home/thinhnguyen/ros2-lidar-obstacle-avoidance/ros2_ws/build/scan_reader_pkg/share/scan_reader_pkg/hook/pythonpath_develop.ps1'
[6.564s] DEBUG:colcon.colcon_core.event_handler.log_command:Invoked command in '/home/thinhnguyen/ros2-lidar-obstacle-avoidance/ros2_ws/build/scan_reader_pkg' returned '0': PYTHONPATH=/home/thinhnguyen/ros2-lidar-obstacle-avoidance/ros2_ws/build/scan_reader_pkg/prefix_override:/usr/lib/python3/dist-packages/colcon_core/task/python/colcon_distutils_commands:/home/thinhnguyen/ros2-lidar-obstacle-avoidance/ros2_ws/install/scan_reader_pkg/lib/python3.10/site-packages:${PYTHONPATH} /usr/bin/python3 -W ignore:setup.py install is deprecated -W ignore:easy_install command is deprecated setup.py develop --editable --build-directory /home/thinhnguyen/ros2-lidar-obstacle-avoidance/ros2_ws/build/scan_reader_pkg/build --no-deps symlink_data
[6.570s] INFO:colcon.colcon_core.shell:Creating environment descriptor '/home/thinhnguyen/ros2-lidar-obstacle-avoidance/ros2_ws/build/scan_reader_pkg/share/scan_reader_pkg/hook/pythonpath_develop.dsv'
[6.571s] INFO:colcon.colcon_core.shell:Creating environment hook '/home/thinhnguyen/ros2-lidar-obstacle-avoidance/ros2_ws/build/scan_reader_pkg/share/scan_reader_pkg/hook/pythonpath_develop.sh'
[6.584s] Level 1:colcon.colcon_core.environment:checking '/home/thinhnguyen/ros2-lidar-obstacle-avoidance/ros2_ws/install/scan_reader_pkg' for CMake module files
[6.585s] Level 1:colcon.colcon_core.environment:checking '/home/thinhnguyen/ros2-lidar-obstacle-avoidance/ros2_ws/install/scan_reader_pkg' for CMake config files
[6.586s] Level 1:colcon.colcon_core.environment:checking '/home/thinhnguyen/ros2-lidar-obstacle-avoidance/ros2_ws/install/scan_reader_pkg/lib'
[6.586s] Level 1:colcon.colcon_core.environment:checking '/home/thinhnguyen/ros2-lidar-obstacle-avoidance/ros2_ws/install/scan_reader_pkg/bin'
[6.587s] Level 1:colcon.colcon_core.environment:checking '/home/thinhnguyen/ros2-lidar-obstacle-avoidance/ros2_ws/install/scan_reader_pkg/lib/pkgconfig/scan_reader_pkg.pc'
[6.587s] Level 1:colcon.colcon_core.environment:checking '/home/thinhnguyen/ros2-lidar-obstacle-avoidance/ros2_ws/install/scan_reader_pkg/lib/python3.10/site-packages'
[6.587s] Level 1:colcon.colcon_core.shell:create_environment_hook('scan_reader_pkg', 'pythonpath')
[6.588s] INFO:colcon.colcon_core.shell:Creating environment hook '/home/thinhnguyen/ros2-lidar-obstacle-avoidance/ros2_ws/install/scan_reader_pkg/share/scan_reader_pkg/hook/pythonpath.ps1'
[6.589s] INFO:colcon.colcon_core.shell:Creating environment descriptor '/home/thinhnguyen/ros2-lidar-obstacle-avoidance/ros2_ws/install/scan_reader_pkg/share/scan_reader_pkg/hook/pythonpath.dsv'
[6.590s] INFO:colcon.colcon_core.shell:Creating environment hook '/home/thinhnguyen/ros2-lidar-obstacle-avoidance/ros2_ws/install/scan_reader_pkg/share/scan_reader_pkg/hook/pythonpath.sh'
[6.592s] Level 1:colcon.colcon_core.environment:checking '/home/thinhnguyen/ros2-lidar-obstacle-avoidance/ros2_ws/install/scan_reader_pkg/bin'
[6.592s] Level 1:colcon.colcon_core.environment:create_environment_scripts_only(scan_reader_pkg)
[6.593s] INFO:colcon.colcon_core.shell:Creating package script '/home/thinhnguyen/ros2-lidar-obstacle-avoidance/ros2_ws/install/scan_reader_pkg/share/scan_reader_pkg/package.ps1'
[6.597s] INFO:colcon.colcon_core.shell:Creating package descriptor '/home/thinhnguyen/ros2-lidar-obstacle-avoidance/ros2_ws/install/scan_reader_pkg/share/scan_reader_pkg/package.dsv'
[6.600s] INFO:colcon.colcon_core.shell:Creating package script '/home/thinhnguyen/ros2-lidar-obstacle-avoidance/ros2_ws/install/scan_reader_pkg/share/scan_reader_pkg/package.sh'
[6.602s] INFO:colcon.colcon_core.shell:Creating package script '/home/thinhnguyen/ros2-lidar-obstacle-avoidance/ros2_ws/install/scan_reader_pkg/share/scan_reader_pkg/package.bash'
[6.605s] INFO:colcon.colcon_core.shell:Creating package script '/home/thinhnguyen/ros2-lidar-obstacle-avoidance/ros2_ws/install/scan_reader_pkg/share/scan_reader_pkg/package.zsh'
[6.608s] Level 1:colcon.colcon_core.environment:create_file_with_runtime_dependencies(/home/thinhnguyen/ros2-lidar-obstacle-avoidance/ros2_ws/install/scan_reader_pkg/share/colcon-core/packages/scan_reader_pkg)
[6.612s] DEBUG:colcon.colcon_parallel_executor.executor.parallel:closing loop
[6.614s] DEBUG:colcon.colcon_parallel_executor.executor.parallel:loop closed
[6.615s] DEBUG:colcon.colcon_parallel_executor.executor.parallel:run_until_complete finished with '0'
[6.615s] DEBUG:colcon.colcon_core.event_reactor:joining thread
[6.742s] INFO:colcon.colcon_core.plugin_system:Skipping extension 'colcon_notification.desktop_notification.notify_send': Could not find 'notify-send'
[6.742s] INFO:colcon.colcon_core.plugin_system:Skipping extension 'colcon_notification.desktop_notification.terminal_notifier': Not used on non-Darwin systems
[6.742s] INFO:colcon.colcon_core.plugin_system:Skipping extension 'colcon_notification.desktop_notification.win32': Not used on non-Windows systems
[6.743s] INFO:colcon.colcon_notification.desktop_notification:Sending desktop notification using 'notify2'
[6.744s] DEBUG:colcon.colcon_notification.desktop_notification.notify2:Failed to initialize notify2: org.freedesktop.DBus.Error.FileNotFound: Failed to connect to socket /run/user/1000/bus: No such file or directory
[6.744s] DEBUG:colcon.colcon_core.event_reactor:joined thread
[6.745s] INFO:colcon.colcon_core.shell:Creating prefix script '/home/thinhnguyen/ros2-lidar-obstacle-avoidance/ros2_ws/install/local_setup.ps1'
[6.748s] INFO:colcon.colcon_core.shell:Creating prefix util module '/home/thinhnguyen/ros2-lidar-obstacle-avoidance/ros2_ws/install/_local_setup_util_ps1.py'
[6.753s] INFO:colcon.colcon_core.shell:Creating prefix chain script '/home/thinhnguyen/ros2-lidar-obstacle-avoidance/ros2_ws/install/setup.ps1'
[6.758s] INFO:colcon.colcon_core.shell:Creating prefix script '/home/thinhnguyen/ros2-lidar-obstacle-avoidance/ros2_ws/install/local_setup.sh'
[6.760s] INFO:colcon.colcon_core.shell:Creating prefix util module '/home/thinhnguyen/ros2-lidar-obstacle-avoidance/ros2_ws/install/_local_setup_util_sh.py'
[6.761s] INFO:colcon.colcon_core.shell:Creating prefix chain script '/home/thinhnguyen/ros2-lidar-obstacle-avoidance/ros2_ws/install/setup.sh'
[6.764s] INFO:colcon.colcon_core.shell:Creating prefix script '/home/thinhnguyen/ros2-lidar-obstacle-avoidance/ros2_ws/install/local_setup.bash'
[6.766s] INFO:colcon.colcon_core.shell:Creating prefix chain script '/home/thinhnguyen/ros2-lidar-obstacle-avoidance/ros2_ws/install/setup.bash'
[6.769s] INFO:colcon.colcon_core.shell:Creating prefix script '/home/thinhnguyen/ros2-lidar-obstacle-avoidance/ros2_ws/install/local_setup.zsh'
[6.772s] INFO:colcon.colcon_core.shell:Creating prefix chain script '/home/thinhnguyen/ros2-lidar-obstacle-avoidance/ros2_ws/install/setup.zsh'
