[0.072s] Invoking command in '/home/thinhnguyen/ros2-lidar-obstacle-avoidance/ros2_ws/build/robot_description': CMAKE_PREFIX_PATH=${CMAKE_PREFIX_PATH}:/home/thinhnguyen/ros2-lidar-obstacle-avoidance/ros2_ws/install/scan_reader_pkg:/opt/ros/humble /usr/bin/cmake --build /home/thinhnguyen/ros2-lidar-obstacle-avoidance/ros2_ws/build/robot_description -- -j12 -l12
[0.256s] -- Found ament_cmake: 1.3.14 (/opt/ros/humble/share/ament_cmake/cmake)
[0.667s] -- Override CMake install command with custom implementation using symlinks instead of copying resources
[0.719s] -- Found ament_lint_auto: 0.12.15 (/opt/ros/humble/share/ament_lint_auto/cmake)
[0.961s] -- Added test 'flake8' to check Python code syntax and style conventions
[0.966s] -- Added test 'lint_cmake' to check CMake code style
[0.968s] -- Added test 'pep257' to check Python code against some of the docstring style conventions in PEP 257
[0.974s] -- Added test 'xmllint' to check XML markup files
[0.983s] -- Configuring done
[1.000s] -- Generating done
[1.007s] -- Build files have been written to: /home/thinhnguyen/ros2-lidar-obstacle-avoidance/ros2_ws/build/robot_description
[1.062s] Invoked command in '/home/thinhnguyen/ros2-lidar-obstacle-avoidance/ros2_ws/build/robot_description' returned '0': CMAKE_PREFIX_PATH=${CMAKE_PREFIX_PATH}:/home/thinhnguyen/ros2-lidar-obstacle-avoidance/ros2_ws/install/scan_reader_pkg:/opt/ros/humble /usr/bin/cmake --build /home/thinhnguyen/ros2-lidar-obstacle-avoidance/ros2_ws/build/robot_description -- -j12 -l12
[1.091s] Invoking command in '/home/thinhnguyen/ros2-lidar-obstacle-avoidance/ros2_ws/build/robot_description': CMAKE_PREFIX_PATH=${CMAKE_PREFIX_PATH}:/home/thinhnguyen/ros2-lidar-obstacle-avoidance/ros2_ws/install/scan_reader_pkg:/opt/ros/humble /usr/bin/cmake --install /home/thinhnguyen/ros2-lidar-obstacle-avoidance/ros2_ws/build/robot_description
[1.109s] -- Install configuration: ""
[1.111s] -- Execute custom install script
[1.113s] -- Up-to-date symlink: /home/thinhnguyen/ros2-lidar-obstacle-avoidance/ros2_ws/install/robot_description/share/robot_description/worlds/car_worlds.sdf
[1.116s] -- Symlinking: /home/thinhnguyen/ros2-lidar-obstacle-avoidance/ros2_ws/install/robot_description/share/robot_description/launch/sim_launch.py
[1.147s] -- Up-to-date symlink: /home/thinhnguyen/ros2-lidar-obstacle-avoidance/ros2_ws/install/robot_description/share/ament_index/resource_index/package_run_dependencies/robot_description
[1.148s] -- Up-to-date symlink: /home/thinhnguyen/ros2-lidar-obstacle-avoidance/ros2_ws/install/robot_description/share/ament_index/resource_index/parent_prefix_path/robot_description
[1.149s] -- Up-to-date symlink: /home/thinhnguyen/ros2-lidar-obstacle-avoidance/ros2_ws/install/robot_description/share/robot_description/environment/ament_prefix_path.sh
[1.150s] -- Up-to-date symlink: /home/thinhnguyen/ros2-lidar-obstacle-avoidance/ros2_ws/install/robot_description/share/robot_description/environment/ament_prefix_path.dsv
[1.151s] -- Up-to-date symlink: /home/thinhnguyen/ros2-lidar-obstacle-avoidance/ros2_ws/install/robot_description/share/robot_description/environment/path.sh
[1.152s] -- Up-to-date symlink: /home/thinhnguyen/ros2-lidar-obstacle-avoidance/ros2_ws/install/robot_description/share/robot_description/environment/path.dsv
[1.153s] -- Up-to-date symlink: /home/thinhnguyen/ros2-lidar-obstacle-avoidance/ros2_ws/install/robot_description/share/robot_description/local_setup.bash
[1.153s] -- Up-to-date symlink: /home/thinhnguyen/ros2-lidar-obstacle-avoidance/ros2_ws/install/robot_description/share/robot_description/local_setup.sh
[1.154s] -- Up-to-date symlink: /home/thinhnguyen/ros2-lidar-obstacle-avoidance/ros2_ws/install/robot_description/share/robot_description/local_setup.zsh
[1.155s] -- Up-to-date symlink: /home/thinhnguyen/ros2-lidar-obstacle-avoidance/ros2_ws/install/robot_description/share/robot_description/local_setup.dsv
[1.157s] -- Symlinking: /home/thinhnguyen/ros2-lidar-obstacle-avoidance/ros2_ws/install/robot_description/share/robot_description/package.dsv
[1.184s] -- Up-to-date symlink: /home/thinhnguyen/ros2-lidar-obstacle-avoidance/ros2_ws/install/robot_description/share/ament_index/resource_index/packages/robot_description
[1.185s] -- Up-to-date symlink: /home/thinhnguyen/ros2-lidar-obstacle-avoidance/ros2_ws/install/robot_description/share/robot_description/cmake/robot_descriptionConfig.cmake
[1.185s] -- Up-to-date symlink: /home/thinhnguyen/ros2-lidar-obstacle-avoidance/ros2_ws/install/robot_description/share/robot_description/cmake/robot_descriptionConfig-version.cmake
[1.186s] -- Up-to-date symlink: /home/thinhnguyen/ros2-lidar-obstacle-avoidance/ros2_ws/install/robot_description/share/robot_description/package.xml
[1.192s] Invoked command in '/home/thinhnguyen/ros2-lidar-obstacle-avoidance/ros2_ws/build/robot_description' returned '0': CMAKE_PREFIX_PATH=${CMAKE_PREFIX_PATH}:/home/thinhnguyen/ros2-lidar-obstacle-avoidance/ros2_ws/install/scan_reader_pkg:/opt/ros/humble /usr/bin/cmake --install /home/thinhnguyen/ros2-lidar-obstacle-avoidance/ros2_ws/build/robot_description
