[0.034s] Invoking command in '/home/thinhnguyen/ros2-lidar-obstacle-avoidance/ros2_ws/build/robot_description': CMAKE_PREFIX_PATH=${CMAKE_PREFIX_PATH}:/home/thinhnguyen/ros2-lidar-obstacle-avoidance/ros2_ws/install/scan_reader_pkg:/opt/ros/humble /usr/bin/cmake --build /home/thinhnguyen/ros2-lidar-obstacle-avoidance/ros2_ws/build/robot_description -- -j12 -l12
[0.135s] Invoked command in '/home/thinhnguyen/ros2-lidar-obstacle-avoidance/ros2_ws/build/robot_description' returned '0': CMAKE_PREFIX_PATH=${CMAKE_PREFIX_PATH}:/home/thinhnguyen/ros2-lidar-obstacle-avoidance/ros2_ws/install/scan_reader_pkg:/opt/ros/humble /usr/bin/cmake --build /home/thinhnguyen/ros2-lidar-obstacle-avoidance/ros2_ws/build/robot_description -- -j12 -l12
[0.173s] Invoking command in '/home/thinhnguyen/ros2-lidar-obstacle-avoidance/ros2_ws/build/robot_description': CMAKE_PREFIX_PATH=${CMAKE_PREFIX_PATH}:/home/thinhnguyen/ros2-lidar-obstacle-avoidance/ros2_ws/install/scan_reader_pkg:/opt/ros/humble /usr/bin/cmake --install /home/thinhnguyen/ros2-lidar-obstacle-avoidance/ros2_ws/build/robot_description
[0.193s] -- Install configuration: ""
[0.194s] -- Execute custom install script
[0.196s] -- Up-to-date symlink: /home/thinhnguyen/ros2-lidar-obstacle-avoidance/ros2_ws/install/robot_description/share/robot_description/worlds/car_worlds.sdf
[0.197s] -- Up-to-date symlink: /home/thinhnguyen/ros2-lidar-obstacle-avoidance/ros2_ws/install/robot_description/share/robot_description/launch/sim_launch.py
[0.198s] -- Up-to-date symlink: /home/thinhnguyen/ros2-lidar-obstacle-avoidance/ros2_ws/install/robot_description/share/ament_index/resource_index/package_run_dependencies/robot_description
[0.198s] -- Up-to-date symlink: /home/thinhnguyen/ros2-lidar-obstacle-avoidance/ros2_ws/install/robot_description/share/ament_index/resource_index/parent_prefix_path/robot_description
[0.200s] -- Up-to-date symlink: /home/thinhnguyen/ros2-lidar-obstacle-avoidance/ros2_ws/install/robot_description/share/robot_description/environment/ament_prefix_path.sh
[0.201s] -- Up-to-date symlink: /home/thinhnguyen/ros2-lidar-obstacle-avoidance/ros2_ws/install/robot_description/share/robot_description/environment/ament_prefix_path.dsv
[0.202s] -- Up-to-date symlink: /home/thinhnguyen/ros2-lidar-obstacle-avoidance/ros2_ws/install/robot_description/share/robot_description/environment/path.sh
[0.203s] -- Up-to-date symlink: /home/thinhnguyen/ros2-lidar-obstacle-avoidance/ros2_ws/install/robot_description/share/robot_description/environment/path.dsv
[0.204s] -- Up-to-date symlink: /home/thinhnguyen/ros2-lidar-obstacle-avoidance/ros2_ws/install/robot_description/share/robot_description/local_setup.bash
[0.205s] -- Up-to-date symlink: /home/thinhnguyen/ros2-lidar-obstacle-avoidance/ros2_ws/install/robot_description/share/robot_description/local_setup.sh
[0.206s] -- Up-to-date symlink: /home/thinhnguyen/ros2-lidar-obstacle-avoidance/ros2_ws/install/robot_description/share/robot_description/local_setup.zsh
[0.206s] -- Up-to-date symlink: /home/thinhnguyen/ros2-lidar-obstacle-avoidance/ros2_ws/install/robot_description/share/robot_description/local_setup.dsv
[0.207s] -- Symlinking: /home/thinhnguyen/ros2-lidar-obstacle-avoidance/ros2_ws/install/robot_description/share/robot_description/package.dsv
[0.235s] -- Up-to-date symlink: /home/thinhnguyen/ros2-lidar-obstacle-avoidance/ros2_ws/install/robot_description/share/ament_index/resource_index/packages/robot_description
[0.236s] -- Up-to-date symlink: /home/thinhnguyen/ros2-lidar-obstacle-avoidance/ros2_ws/install/robot_description/share/robot_description/cmake/robot_descriptionConfig.cmake
[0.236s] -- Up-to-date symlink: /home/thinhnguyen/ros2-lidar-obstacle-avoidance/ros2_ws/install/robot_description/share/robot_description/cmake/robot_descriptionConfig-version.cmake
[0.236s] -- Up-to-date symlink: /home/thinhnguyen/ros2-lidar-obstacle-avoidance/ros2_ws/install/robot_description/share/robot_description/package.xml
[0.244s] Invoked command in '/home/thinhnguyen/ros2-lidar-obstacle-avoidance/ros2_ws/build/robot_description' returned '0': CMAKE_PREFIX_PATH=${CMAKE_PREFIX_PATH}:/home/thinhnguyen/ros2-lidar-obstacle-avoidance/ros2_ws/install/scan_reader_pkg:/opt/ros/humble /usr/bin/cmake --install /home/thinhnguyen/ros2-lidar-obstacle-avoidance/ros2_ws/build/robot_description
