[0.664s] DEBUG:colcon:Command line arguments: ['/usr/bin/colcon', 'build', '--packages-select', 'robot_description']
[0.664s] DEBUG:colcon:Parsed command line arguments: Namespace(log_base=None, log_level=None, verb_name='build', build_base='build', install_base='install', merge_install=False, symlink_install=False, test_result_base=None, continue_on_error=False, executor='parallel', parallel_workers=12, event_handlers=None, ignore_user_meta=False, metas=['./colcon.meta'], base_paths=['.'], packages_ignore=None, packages_ignore_regex=None, paths=None, packages_up_to=None, packages_up_to_regex=None, packages_above=None, packages_above_and_dependencies=None, packages_above_depth=None, packages_select_by_dep=None, packages_skip_by_dep=None, packages_skip_up_to=None, packages_select_build_failed=False, packages_skip_build_finished=False, packages_select_test_failures=False, packages_skip_test_passed=False, packages_select=['robot_description'], packages_skip=None, packages_select_regex=None, packages_skip_regex=None, packages_start=None, packages_end=None, allow_overriding=[], cmake_args=None, cmake_target=None, cmake_target_skip_unavailable=False, cmake_clean_cache=False, cmake_clean_first=False, cmake_force_configure=False, ament_cmake_args=None, catkin_cmake_args=None, catkin_skip_building_tests=False, mixin_files=None, mixin=None, verb_parser=<colcon_mixin.mixin.mixin_argument.MixinArgumentDecorator object at 0x7ca4f465dc60>, verb_extension=<colcon_core.verb.build.BuildVerb object at 0x7ca4f465ceb0>, main=<bound method BuildVerb.main of <colcon_core.verb.build.BuildVerb object at 0x7ca4f465ceb0>>, mixin_verb=('build',))
[1.267s] Level 1:colcon.colcon_core.package_discovery:discover_packages(colcon_meta) check parameters
[1.268s] Level 1:colcon.colcon_core.package_discovery:discover_packages(recursive) check parameters
[1.268s] Level 1:colcon.colcon_core.package_discovery:discover_packages(ignore) check parameters
[1.268s] Level 1:colcon.colcon_core.package_discovery:discover_packages(path) check parameters
[1.268s] Level 1:colcon.colcon_core.package_discovery:discover_packages(colcon_meta) discover
[1.268s] Level 1:colcon.colcon_core.package_discovery:discover_packages(recursive) discover
[1.269s] INFO:colcon.colcon_core.package_discovery:Crawling recursively for packages in '/home/thinhnguyen/ros2-lidar-obstacle-avoidance/ros2_ws'
[1.269s] Level 1:colcon.colcon_core.package_identification:_identify(.) by extensions ['ignore', 'ignore_ament_install']
[1.269s] Level 1:colcon.colcon_core.package_identification:_identify(.) by extension 'ignore'
[1.270s] Level 1:colcon.colcon_core.package_identification:_identify(.) by extension 'ignore_ament_install'
[1.270s] Level 1:colcon.colcon_core.package_identification:_identify(.) by extensions ['colcon_pkg']
[1.270s] Level 1:colcon.colcon_core.package_identification:_identify(.) by extension 'colcon_pkg'
[1.271s] Level 1:colcon.colcon_core.package_identification:_identify(.) by extensions ['colcon_meta']
[1.271s] Level 1:colcon.colcon_core.package_identification:_identify(.) by extension 'colcon_meta'
[1.271s] Level 1:colcon.colcon_core.package_identification:_identify(.) by extensions ['ros']
[1.271s] Level 1:colcon.colcon_core.package_identification:_identify(.) by extension 'ros'
[1.345s] Level 1:colcon.colcon_core.package_identification:_identify(.) by extensions ['cmake', 'python']
[1.345s] Level 1:colcon.colcon_core.package_identification:_identify(.) by extension 'cmake'
[1.345s] Level 1:colcon.colcon_core.package_identification:_identify(.) by extension 'python'
[1.346s] Level 1:colcon.colcon_core.package_identification:_identify(.) by extensions ['python_setup_py']
[1.346s] Level 1:colcon.colcon_core.package_identification:_identify(.) by extension 'python_setup_py'
[1.349s] Level 1:colcon.colcon_core.package_identification:_identify(build) by extensions ['ignore', 'ignore_ament_install']
[1.349s] Level 1:colcon.colcon_core.package_identification:_identify(build) by extension 'ignore'
[1.349s] Level 1:colcon.colcon_core.package_identification:_identify(build) ignored
[1.350s] Level 1:colcon.colcon_core.package_identification:_identify(install) by extensions ['ignore', 'ignore_ament_install']
[1.351s] Level 1:colcon.colcon_core.package_identification:_identify(install) by extension 'ignore'
[1.351s] Level 1:colcon.colcon_core.package_identification:_identify(install) ignored
[1.352s] Level 1:colcon.colcon_core.package_identification:_identify(log) by extensions ['ignore', 'ignore_ament_install']
[1.352s] Level 1:colcon.colcon_core.package_identification:_identify(log) by extension 'ignore'
[1.353s] Level 1:colcon.colcon_core.package_identification:_identify(log) ignored
[1.353s] Level 1:colcon.colcon_core.package_identification:_identify(src) by extensions ['ignore', 'ignore_ament_install']
[1.354s] Level 1:colcon.colcon_core.package_identification:_identify(src) by extension 'ignore'
[1.354s] Level 1:colcon.colcon_core.package_identification:_identify(src) by extension 'ignore_ament_install'
[1.355s] Level 1:colcon.colcon_core.package_identification:_identify(src) by extensions ['colcon_pkg']
[1.355s] Level 1:colcon.colcon_core.package_identification:_identify(src) by extension 'colcon_pkg'
[1.356s] Level 1:colcon.colcon_core.package_identification:_identify(src) by extensions ['colcon_meta']
[1.356s] Level 1:colcon.colcon_core.package_identification:_identify(src) by extension 'colcon_meta'
[1.356s] Level 1:colcon.colcon_core.package_identification:_identify(src) by extensions ['ros']
[1.356s] Level 1:colcon.colcon_core.package_identification:_identify(src) by extension 'ros'
[1.357s] Level 1:colcon.colcon_core.package_identification:_identify(src) by extensions ['cmake', 'python']
[1.357s] Level 1:colcon.colcon_core.package_identification:_identify(src) by extension 'cmake'
[1.357s] Level 1:colcon.colcon_core.package_identification:_identify(src) by extension 'python'
[1.358s] Level 1:colcon.colcon_core.package_identification:_identify(src) by extensions ['python_setup_py']
[1.358s] Level 1:colcon.colcon_core.package_identification:_identify(src) by extension 'python_setup_py'
[1.359s] Level 1:colcon.colcon_core.package_identification:_identify(src/robot_description) by extensions ['ignore', 'ignore_ament_install']
[1.359s] Level 1:colcon.colcon_core.package_identification:_identify(src/robot_description) by extension 'ignore'
[1.359s] Level 1:colcon.colcon_core.package_identification:_identify(src/robot_description) by extension 'ignore_ament_install'
[1.360s] Level 1:colcon.colcon_core.package_identification:_identify(src/robot_description) by extensions ['colcon_pkg']
[1.360s] Level 1:colcon.colcon_core.package_identification:_identify(src/robot_description) by extension 'colcon_pkg'
[1.360s] Level 1:colcon.colcon_core.package_identification:_identify(src/robot_description) by extensions ['colcon_meta']
[1.360s] Level 1:colcon.colcon_core.package_identification:_identify(src/robot_description) by extension 'colcon_meta'
[1.360s] Level 1:colcon.colcon_core.package_identification:_identify(src/robot_description) by extensions ['ros']
[1.360s] Level 1:colcon.colcon_core.package_identification:_identify(src/robot_description) by extension 'ros'
[1.379s] DEBUG:colcon.colcon_core.package_identification:Package 'src/robot_description' with type 'ros.ament_cmake' and name 'robot_description'
[1.380s] Level 1:colcon.colcon_core.package_identification:_identify(src/scan_reader_pkg) by extensions ['ignore', 'ignore_ament_install']
[1.380s] Level 1:colcon.colcon_core.package_identification:_identify(src/scan_reader_pkg) by extension 'ignore'
[1.380s] Level 1:colcon.colcon_core.package_identification:_identify(src/scan_reader_pkg) by extension 'ignore_ament_install'
[1.381s] Level 1:colcon.colcon_core.package_identification:_identify(src/scan_reader_pkg) by extensions ['colcon_pkg']
[1.381s] Level 1:colcon.colcon_core.package_identification:_identify(src/scan_reader_pkg) by extension 'colcon_pkg'
[1.381s] Level 1:colcon.colcon_core.package_identification:_identify(src/scan_reader_pkg) by extensions ['colcon_meta']
[1.381s] Level 1:colcon.colcon_core.package_identification:_identify(src/scan_reader_pkg) by extension 'colcon_meta'
[1.381s] Level 1:colcon.colcon_core.package_identification:_identify(src/scan_reader_pkg) by extensions ['ros']
[1.382s] Level 1:colcon.colcon_core.package_identification:_identify(src/scan_reader_pkg) by extension 'ros'
[1.383s] DEBUG:colcon.colcon_core.package_identification:Package 'src/scan_reader_pkg' with type 'ros.ament_python' and name 'scan_reader_pkg'
[1.383s] Level 1:colcon.colcon_core.package_discovery:discover_packages(recursive) using defaults
[1.384s] Level 1:colcon.colcon_core.package_discovery:discover_packages(ignore) discover
[1.384s] Level 1:colcon.colcon_core.package_discovery:discover_packages(ignore) using defaults
[1.384s] Level 1:colcon.colcon_core.package_discovery:discover_packages(path) discover
[1.384s] Level 1:colcon.colcon_core.package_discovery:discover_packages(path) using defaults
[1.473s] INFO:colcon.colcon_core.package_selection:Skipping not selected package 'scan_reader_pkg' in 'src/scan_reader_pkg'
[1.474s] Level 1:colcon.colcon_core.package_discovery:discover_packages(prefix_path) check parameters
[1.475s] Level 1:colcon.colcon_core.package_discovery:discover_packages(prefix_path) discover
[1.480s] DEBUG:colcon.colcon_installed_package_information.package_discovery:Found 2 installed packages in /home/thinhnguyen/ros2-lidar-obstacle-avoidance/ros2_ws/install
[1.484s] DEBUG:colcon.colcon_installed_package_information.package_discovery:Found 288 installed packages in /opt/ros/humble
[1.488s] Level 1:colcon.colcon_core.package_discovery:discover_packages(prefix_path) using defaults
[1.598s] Level 5:colcon.colcon_core.verb:set package 'robot_description' build argument 'cmake_args' from command line to 'None'
[1.598s] Level 5:colcon.colcon_core.verb:set package 'robot_description' build argument 'cmake_target' from command line to 'None'
[1.598s] Level 5:colcon.colcon_core.verb:set package 'robot_description' build argument 'cmake_target_skip_unavailable' from command line to 'False'
[1.598s] Level 5:colcon.colcon_core.verb:set package 'robot_description' build argument 'cmake_clean_cache' from command line to 'False'
[1.598s] Level 5:colcon.colcon_core.verb:set package 'robot_description' build argument 'cmake_clean_first' from command line to 'False'
[1.598s] Level 5:colcon.colcon_core.verb:set package 'robot_description' build argument 'cmake_force_configure' from command line to 'False'
[1.598s] Level 5:colcon.colcon_core.verb:set package 'robot_description' build argument 'ament_cmake_args' from command line to 'None'
[1.598s] Level 5:colcon.colcon_core.verb:set package 'robot_description' build argument 'catkin_cmake_args' from command line to 'None'
[1.598s] Level 5:colcon.colcon_core.verb:set package 'robot_description' build argument 'catkin_skip_building_tests' from command line to 'False'
[1.598s] DEBUG:colcon.colcon_core.verb:Building package 'robot_description' with the following arguments: {'ament_cmake_args': None, 'build_base': '/home/thinhnguyen/ros2-lidar-obstacle-avoidance/ros2_ws/build/robot_description', 'catkin_cmake_args': None, 'catkin_skip_building_tests': False, 'cmake_args': None, 'cmake_clean_cache': False, 'cmake_clean_first': False, 'cmake_force_configure': False, 'cmake_target': None, 'cmake_target_skip_unavailable': False, 'install_base': '/home/thinhnguyen/ros2-lidar-obstacle-avoidance/ros2_ws/install/robot_description', 'merge_install': False, 'path': '/home/thinhnguyen/ros2-lidar-obstacle-avoidance/ros2_ws/src/robot_description', 'symlink_install': False, 'test_result_base': None}
[1.599s] INFO:colcon.colcon_core.executor:Executing jobs using 'parallel' executor
[1.601s] DEBUG:colcon.colcon_parallel_executor.executor.parallel:run_until_complete
[1.602s] INFO:colcon.colcon_ros.task.ament_cmake.build:Building ROS package in '/home/thinhnguyen/ros2-lidar-obstacle-avoidance/ros2_ws/src/robot_description' with build type 'ament_cmake'
[1.603s] INFO:colcon.colcon_cmake.task.cmake.build:Building CMake package in '/home/thinhnguyen/ros2-lidar-obstacle-avoidance/ros2_ws/src/robot_description'
[1.609s] INFO:colcon.colcon_core.plugin_system:Skipping extension 'colcon_core.shell.bat': Not used on non-Windows systems
[1.610s] INFO:colcon.colcon_core.shell:Skip shell extension 'powershell' for command environment: Not usable outside of PowerShell
[1.610s] DEBUG:colcon.colcon_core.shell:Skip shell extension 'dsv' for command environment
[1.647s] DEBUG:colcon.colcon_core.event_handler.log_command:Invoking command in '/home/thinhnguyen/ros2-lidar-obstacle-avoidance/ros2_ws/build/robot_description': CMAKE_PREFIX_PATH=${CMAKE_PREFIX_PATH}:/home/thinhnguyen/ros2-lidar-obstacle-avoidance/ros2_ws/install/scan_reader_pkg:/opt/ros/humble /usr/bin/cmake --build /home/thinhnguyen/ros2-lidar-obstacle-avoidance/ros2_ws/build/robot_description -- -j12 -l12
[1.756s] DEBUG:colcon.colcon_core.event_handler.log_command:Invoked command in '/home/thinhnguyen/ros2-lidar-obstacle-avoidance/ros2_ws/build/robot_description' returned '0': CMAKE_PREFIX_PATH=${CMAKE_PREFIX_PATH}:/home/thinhnguyen/ros2-lidar-obstacle-avoidance/ros2_ws/install/scan_reader_pkg:/opt/ros/humble /usr/bin/cmake --build /home/thinhnguyen/ros2-lidar-obstacle-avoidance/ros2_ws/build/robot_description -- -j12 -l12
[1.787s] DEBUG:colcon.colcon_core.event_handler.log_command:Invoking command in '/home/thinhnguyen/ros2-lidar-obstacle-avoidance/ros2_ws/build/robot_description': CMAKE_PREFIX_PATH=${CMAKE_PREFIX_PATH}:/home/thinhnguyen/ros2-lidar-obstacle-avoidance/ros2_ws/install/scan_reader_pkg:/opt/ros/humble /usr/bin/cmake --install /home/thinhnguyen/ros2-lidar-obstacle-avoidance/ros2_ws/build/robot_description
[1.846s] Level 1:colcon.colcon_core.environment:create_environment_scripts_only(robot_description)
[1.848s] DEBUG:colcon.colcon_core.event_handler.log_command:Invoked command in '/home/thinhnguyen/ros2-lidar-obstacle-avoidance/ros2_ws/build/robot_description' returned '0': CMAKE_PREFIX_PATH=${CMAKE_PREFIX_PATH}:/home/thinhnguyen/ros2-lidar-obstacle-avoidance/ros2_ws/install/scan_reader_pkg:/opt/ros/humble /usr/bin/cmake --install /home/thinhnguyen/ros2-lidar-obstacle-avoidance/ros2_ws/build/robot_description
[1.853s] Level 1:colcon.colcon_core.environment:checking '/home/thinhnguyen/ros2-lidar-obstacle-avoidance/ros2_ws/install/robot_description' for CMake module files
[1.855s] Level 1:colcon.colcon_core.environment:checking '/home/thinhnguyen/ros2-lidar-obstacle-avoidance/ros2_ws/install/robot_description' for CMake config files
[1.856s] Level 1:colcon.colcon_core.shell:create_environment_hook('robot_description', 'cmake_prefix_path')
[1.856s] INFO:colcon.colcon_core.shell:Creating environment hook '/home/thinhnguyen/ros2-lidar-obstacle-avoidance/ros2_ws/install/robot_description/share/robot_description/hook/cmake_prefix_path.ps1'
[1.858s] INFO:colcon.colcon_core.shell:Creating environment descriptor '/home/thinhnguyen/ros2-lidar-obstacle-avoidance/ros2_ws/install/robot_description/share/robot_description/hook/cmake_prefix_path.dsv'
[1.859s] INFO:colcon.colcon_core.shell:Creating environment hook '/home/thinhnguyen/ros2-lidar-obstacle-avoidance/ros2_ws/install/robot_description/share/robot_description/hook/cmake_prefix_path.sh'
[1.861s] Level 1:colcon.colcon_core.environment:checking '/home/thinhnguyen/ros2-lidar-obstacle-avoidance/ros2_ws/install/robot_description/bin'
[1.861s] Level 1:colcon.colcon_core.environment:checking '/home/thinhnguyen/ros2-lidar-obstacle-avoidance/ros2_ws/install/robot_description/lib/pkgconfig/robot_description.pc'
[1.862s] Level 1:colcon.colcon_core.environment:checking '/home/thinhnguyen/ros2-lidar-obstacle-avoidance/ros2_ws/install/robot_description/lib/python3.10/site-packages'
[1.863s] Level 1:colcon.colcon_core.environment:checking '/home/thinhnguyen/ros2-lidar-obstacle-avoidance/ros2_ws/install/robot_description/bin'
[1.863s] INFO:colcon.colcon_core.shell:Creating package script '/home/thinhnguyen/ros2-lidar-obstacle-avoidance/ros2_ws/install/robot_description/share/robot_description/package.ps1'
[1.866s] INFO:colcon.colcon_core.shell:Creating package descriptor '/home/thinhnguyen/ros2-lidar-obstacle-avoidance/ros2_ws/install/robot_description/share/robot_description/package.dsv'
[1.868s] INFO:colcon.colcon_core.shell:Creating package script '/home/thinhnguyen/ros2-lidar-obstacle-avoidance/ros2_ws/install/robot_description/share/robot_description/package.sh'
[1.869s] INFO:colcon.colcon_core.shell:Creating package script '/home/thinhnguyen/ros2-lidar-obstacle-avoidance/ros2_ws/install/robot_description/share/robot_description/package.bash'
[1.872s] INFO:colcon.colcon_core.shell:Creating package script '/home/thinhnguyen/ros2-lidar-obstacle-avoidance/ros2_ws/install/robot_description/share/robot_description/package.zsh'
[1.873s] Level 1:colcon.colcon_core.environment:create_file_with_runtime_dependencies(/home/thinhnguyen/ros2-lidar-obstacle-avoidance/ros2_ws/install/robot_description/share/colcon-core/packages/robot_description)
[1.875s] Level 1:colcon.colcon_core.environment:create_environment_scripts_only(robot_description)
[1.875s] Level 1:colcon.colcon_core.environment:checking '/home/thinhnguyen/ros2-lidar-obstacle-avoidance/ros2_ws/install/robot_description' for CMake module files
[1.876s] Level 1:colcon.colcon_core.environment:checking '/home/thinhnguyen/ros2-lidar-obstacle-avoidance/ros2_ws/install/robot_description' for CMake config files
[1.878s] Level 1:colcon.colcon_core.shell:create_environment_hook('robot_description', 'cmake_prefix_path')
[1.878s] INFO:colcon.colcon_core.shell:Creating environment hook '/home/thinhnguyen/ros2-lidar-obstacle-avoidance/ros2_ws/install/robot_description/share/robot_description/hook/cmake_prefix_path.ps1'
[1.880s] INFO:colcon.colcon_core.shell:Creating environment descriptor '/home/thinhnguyen/ros2-lidar-obstacle-avoidance/ros2_ws/install/robot_description/share/robot_description/hook/cmake_prefix_path.dsv'
[1.881s] INFO:colcon.colcon_core.shell:Creating environment hook '/home/thinhnguyen/ros2-lidar-obstacle-avoidance/ros2_ws/install/robot_description/share/robot_description/hook/cmake_prefix_path.sh'
[1.882s] Level 1:colcon.colcon_core.environment:checking '/home/thinhnguyen/ros2-lidar-obstacle-avoidance/ros2_ws/install/robot_description/bin'
[1.882s] Level 1:colcon.colcon_core.environment:checking '/home/thinhnguyen/ros2-lidar-obstacle-avoidance/ros2_ws/install/robot_description/lib/pkgconfig/robot_description.pc'
[1.883s] Level 1:colcon.colcon_core.environment:checking '/home/thinhnguyen/ros2-lidar-obstacle-avoidance/ros2_ws/install/robot_description/lib/python3.10/site-packages'
[1.884s] Level 1:colcon.colcon_core.environment:checking '/home/thinhnguyen/ros2-lidar-obstacle-avoidance/ros2_ws/install/robot_description/bin'
[1.884s] INFO:colcon.colcon_core.shell:Creating package script '/home/thinhnguyen/ros2-lidar-obstacle-avoidance/ros2_ws/install/robot_description/share/robot_description/package.ps1'
[1.886s] INFO:colcon.colcon_core.shell:Creating package descriptor '/home/thinhnguyen/ros2-lidar-obstacle-avoidance/ros2_ws/install/robot_description/share/robot_description/package.dsv'
[1.887s] INFO:colcon.colcon_core.shell:Creating package script '/home/thinhnguyen/ros2-lidar-obstacle-avoidance/ros2_ws/install/robot_description/share/robot_description/package.sh'
[1.889s] INFO:colcon.colcon_core.shell:Creating package script '/home/thinhnguyen/ros2-lidar-obstacle-avoidance/ros2_ws/install/robot_description/share/robot_description/package.bash'
[1.890s] INFO:colcon.colcon_core.shell:Creating package script '/home/thinhnguyen/ros2-lidar-obstacle-avoidance/ros2_ws/install/robot_description/share/robot_description/package.zsh'
[1.891s] Level 1:colcon.colcon_core.environment:create_file_with_runtime_dependencies(/home/thinhnguyen/ros2-lidar-obstacle-avoidance/ros2_ws/install/robot_description/share/colcon-core/packages/robot_description)
[1.892s] DEBUG:colcon.colcon_parallel_executor.executor.parallel:closing loop
[1.894s] DEBUG:colcon.colcon_parallel_executor.executor.parallel:loop closed
[1.894s] DEBUG:colcon.colcon_parallel_executor.executor.parallel:run_until_complete finished with '0'
[1.894s] DEBUG:colcon.colcon_core.event_reactor:joining thread
[2.009s] INFO:colcon.colcon_core.plugin_system:Skipping extension 'colcon_notification.desktop_notification.notify_send': Could not find 'notify-send'
[2.010s] INFO:colcon.colcon_core.plugin_system:Skipping extension 'colcon_notification.desktop_notification.terminal_notifier': Not used on non-Darwin systems
[2.010s] INFO:colcon.colcon_core.plugin_system:Skipping extension 'colcon_notification.desktop_notification.win32': Not used on non-Windows systems
[2.010s] INFO:colcon.colcon_notification.desktop_notification:Sending desktop notification using 'notify2'
[2.011s] DEBUG:colcon.colcon_notification.desktop_notification.notify2:Failed to initialize notify2: org.freedesktop.DBus.Error.FileNotFound: Failed to connect to socket /run/user/1000/bus: No such file or directory
[2.011s] DEBUG:colcon.colcon_core.event_reactor:joined thread
[2.012s] INFO:colcon.colcon_core.shell:Creating prefix script '/home/thinhnguyen/ros2-lidar-obstacle-avoidance/ros2_ws/install/local_setup.ps1'
[2.014s] INFO:colcon.colcon_core.shell:Creating prefix util module '/home/thinhnguyen/ros2-lidar-obstacle-avoidance/ros2_ws/install/_local_setup_util_ps1.py'
[2.018s] INFO:colcon.colcon_core.shell:Creating prefix chain script '/home/thinhnguyen/ros2-lidar-obstacle-avoidance/ros2_ws/install/setup.ps1'
[2.021s] INFO:colcon.colcon_core.shell:Creating prefix script '/home/thinhnguyen/ros2-lidar-obstacle-avoidance/ros2_ws/install/local_setup.sh'
[2.023s] INFO:colcon.colcon_core.shell:Creating prefix util module '/home/thinhnguyen/ros2-lidar-obstacle-avoidance/ros2_ws/install/_local_setup_util_sh.py'
[2.025s] INFO:colcon.colcon_core.shell:Creating prefix chain script '/home/thinhnguyen/ros2-lidar-obstacle-avoidance/ros2_ws/install/setup.sh'
[2.028s] INFO:colcon.colcon_core.shell:Creating prefix script '/home/thinhnguyen/ros2-lidar-obstacle-avoidance/ros2_ws/install/local_setup.bash'
[2.030s] INFO:colcon.colcon_core.shell:Creating prefix chain script '/home/thinhnguyen/ros2-lidar-obstacle-avoidance/ros2_ws/install/setup.bash'
[2.033s] INFO:colcon.colcon_core.shell:Creating prefix script '/home/thinhnguyen/ros2-lidar-obstacle-avoidance/ros2_ws/install/local_setup.zsh'
[2.035s] INFO:colcon.colcon_core.shell:Creating prefix chain script '/home/thinhnguyen/ros2-lidar-obstacle-avoidance/ros2_ws/install/setup.zsh'
