[0.055s] Invoking command in '/home/thinhnguyen/ros2-lidar-obstacle-avoidance/ros2_ws/build/robot_description': CMAKE_PREFIX_PATH=${CMAKE_PREFIX_PATH}:/home/thinhnguyen/ros2-lidar-obstacle-avoidance/ros2_ws/install/scan_reader_pkg:/opt/ros/humble /usr/bin/cmake --build /home/thinhnguyen/ros2-lidar-obstacle-avoidance/ros2_ws/build/robot_description -- -j12 -l12
[0.809s] Invoked command in '/home/thinhnguyen/ros2-lidar-obstacle-avoidance/ros2_ws/build/robot_description' returned '0': CMAKE_PREFIX_PATH=${CMAKE_PREFIX_PATH}:/home/thinhnguyen/ros2-lidar-obstacle-avoidance/ros2_ws/install/scan_reader_pkg:/opt/ros/humble /usr/bin/cmake --build /home/thinhnguyen/ros2-lidar-obstacle-avoidance/ros2_ws/build/robot_description -- -j12 -l12
[0.840s] Invoking command in '/home/thinhnguyen/ros2-lidar-obstacle-avoidance/ros2_ws/build/robot_description': CMAKE_PREFIX_PATH=${CMAKE_PREFIX_PATH}:/home/thinhnguyen/ros2-lidar-obstacle-avoidance/ros2_ws/install/scan_reader_pkg:/opt/ros/humble /usr/bin/cmake --install /home/thinhnguyen/ros2-lidar-obstacle-avoidance/ros2_ws/build/robot_description
[0.859s] -- Install configuration: ""
[0.861s] -- Execute custom install script
[0.862s] -- Up-to-date symlink: /home/thinhnguyen/ros2-lidar-obstacle-avoidance/ros2_ws/install/robot_description/share/robot_description/worlds/car_worlds.sdf
[0.863s] -- Up-to-date symlink: /home/thinhnguyen/ros2-lidar-obstacle-avoidance/ros2_ws/install/robot_description/share/robot_description/launch/sim_launch.py
[0.865s] -- Up-to-date symlink: /home/thinhnguyen/ros2-lidar-obstacle-avoidance/ros2_ws/install/robot_description/share/ament_index/resource_index/package_run_dependencies/robot_description
[0.865s] -- Up-to-date symlink: /home/thinhnguyen/ros2-lidar-obstacle-avoidance/ros2_ws/install/robot_description/share/ament_index/resource_index/parent_prefix_path/robot_description
[0.866s] -- Up-to-date symlink: /home/thinhnguyen/ros2-lidar-obstacle-avoidance/ros2_ws/install/robot_description/share/robot_description/environment/ament_prefix_path.sh
[0.867s] -- Up-to-date symlink: /home/thinhnguyen/ros2-lidar-obstacle-avoidance/ros2_ws/install/robot_description/share/robot_description/environment/ament_prefix_path.dsv
[0.868s] -- Up-to-date symlink: /home/thinhnguyen/ros2-lidar-obstacle-avoidance/ros2_ws/install/robot_description/share/robot_description/environment/path.sh
[0.868s] -- Up-to-date symlink: /home/thinhnguyen/ros2-lidar-obstacle-avoidance/ros2_ws/install/robot_description/share/robot_description/environment/path.dsv
[0.869s] -- Up-to-date symlink: /home/thinhnguyen/ros2-lidar-obstacle-avoidance/ros2_ws/install/robot_description/share/robot_description/local_setup.bash
[0.870s] -- Up-to-date symlink: /home/thinhnguyen/ros2-lidar-obstacle-avoidance/ros2_ws/install/robot_description/share/robot_description/local_setup.sh
[0.871s] -- Up-to-date symlink: /home/thinhnguyen/ros2-lidar-obstacle-avoidance/ros2_ws/install/robot_description/share/robot_description/local_setup.zsh
[0.872s] -- Up-to-date symlink: /home/thinhnguyen/ros2-lidar-obstacle-avoidance/ros2_ws/install/robot_description/share/robot_description/local_setup.dsv
[0.872s] -- Symlinking: /home/thinhnguyen/ros2-lidar-obstacle-avoidance/ros2_ws/install/robot_description/share/robot_description/package.dsv
[0.897s] -- Up-to-date symlink: /home/thinhnguyen/ros2-lidar-obstacle-avoidance/ros2_ws/install/robot_description/share/ament_index/resource_index/packages/robot_description
[0.897s] -- Up-to-date symlink: /home/thinhnguyen/ros2-lidar-obstacle-avoidance/ros2_ws/install/robot_description/share/robot_description/cmake/robot_descriptionConfig.cmake
[0.898s] -- Up-to-date symlink: /home/thinhnguyen/ros2-lidar-obstacle-avoidance/ros2_ws/install/robot_description/share/robot_description/cmake/robot_descriptionConfig-version.cmake
[0.899s] -- Up-to-date symlink: /home/thinhnguyen/ros2-lidar-obstacle-avoidance/ros2_ws/install/robot_description/share/robot_description/package.xml
[0.905s] Invoked command in '/home/thinhnguyen/ros2-lidar-obstacle-avoidance/ros2_ws/build/robot_description' returned '0': CMAKE_PREFIX_PATH=${CMAKE_PREFIX_PATH}:/home/thinhnguyen/ros2-lidar-obstacle-avoidance/ros2_ws/install/scan_reader_pkg:/opt/ros/humble /usr/bin/cmake --install /home/thinhnguyen/ros2-lidar-obstacle-avoidance/ros2_ws/build/robot_description
