running egg_info
writing ../../build/scan_reader_pkg/scan_reader_pkg.egg-info/PKG-INFO
writing dependency_links to ../../build/scan_reader_pkg/scan_reader_pkg.egg-info/dependency_links.txt
writing entry points to ../../build/scan_reader_pkg/scan_reader_pkg.egg-info/entry_points.txt
writing requirements to ../../build/scan_reader_pkg/scan_reader_pkg.egg-info/requires.txt
writing top-level names to ../../build/scan_reader_pkg/scan_reader_pkg.egg-info/top_level.txt
reading manifest file '../../build/scan_reader_pkg/scan_reader_pkg.egg-info/SOURCES.txt'
writing manifest file '../../build/scan_reader_pkg/scan_reader_pkg.egg-info/SOURCES.txt'
running build
running build_py
copying scan_reader_pkg/obstacle_avoidance.py -> /home/thinhnguyen/ros2-lidar-obstacle-avoidance/ros2_ws/build/scan_reader_pkg/build/lib/scan_reader_pkg
running install
running install_lib
copying /home/thinhnguyen/ros2-lidar-obstacle-avoidance/ros2_ws/build/scan_reader_pkg/build/lib/scan_reader_pkg/obstacle_avoidance.py -> /home/thinhnguyen/ros2-lidar-obstacle-avoidance/ros2_ws/install/scan_reader_pkg/lib/python3.10/site-packages/scan_reader_pkg
byte-compiling /home/thinhnguyen/ros2-lidar-obstacle-avoidance/ros2_ws/install/scan_reader_pkg/lib/python3.10/site-packages/scan_reader_pkg/obstacle_avoidance.py to obstacle_avoidance.cpython-310.pyc
running install_data
running install_egg_info
removing '/home/thinhnguyen/ros2-lidar-obstacle-avoidance/ros2_ws/install/scan_reader_pkg/lib/python3.10/site-packages/scan_reader_pkg-0.0.0-py3.10.egg-info' (and everything under it)
Copying ../../build/scan_reader_pkg/scan_reader_pkg.egg-info to /home/thinhnguyen/ros2-lidar-obstacle-avoidance/ros2_ws/install/scan_reader_pkg/lib/python3.10/site-packages/scan_reader_pkg-0.0.0-py3.10.egg-info
running install_scripts
Installing obstacle_avoidance script to /home/thinhnguyen/ros2-lidar-obstacle-avoidance/ros2_ws/install/scan_reader_pkg/lib/scan_reader_pkg
Installing scan_reader script to /home/thinhnguyen/ros2-lidar-obstacle-avoidance/ros2_ws/install/scan_reader_pkg/lib/scan_reader_pkg
writing list of installed files to '/home/thinhnguyen/ros2-lidar-obstacle-avoidance/ros2_ws/build/scan_reader_pkg/install.log'
