[1.814s] Invoking command in '/home/thinhnguyen/ros2-lidar-obstacle-avoidance/ros2_ws/src/scan_reader_pkg': PYTHONPATH=/home/thinhnguyen/ros2-lidar-obstacle-avoidance/ros2_ws/build/scan_reader_pkg/prefix_override:/usr/lib/python3/dist-packages/colcon_core/task/python/colcon_distutils_commands:/home/thinhnguyen/ros2-lidar-obstacle-avoidance/ros2_ws/install/scan_reader_pkg/lib/python3.10/site-packages:${PYTHONPATH} /usr/bin/python3 -W ignore:setup.py install is deprecated -W ignore:easy_install command is deprecated setup.py egg_info --egg-base ../../build/scan_reader_pkg build --build-base /home/thinhnguyen/ros2-lidar-obstacle-avoidance/ros2_ws/build/scan_reader_pkg/build install --record /home/thinhnguyen/ros2-lidar-obstacle-avoidance/ros2_ws/build/scan_reader_pkg/install.log --install-scripts $base/lib/scan_reader_pkg --single-version-externally-managed install_data
[2.405s] running egg_info
[2.407s] writing ../../build/scan_reader_pkg/scan_reader_pkg.egg-info/PKG-INFO
[2.408s] writing dependency_links to ../../build/scan_reader_pkg/scan_reader_pkg.egg-info/dependency_links.txt
[2.409s] writing entry points to ../../build/scan_reader_pkg/scan_reader_pkg.egg-info/entry_points.txt
[2.410s] writing requirements to ../../build/scan_reader_pkg/scan_reader_pkg.egg-info/requires.txt
[2.410s] writing top-level names to ../../build/scan_reader_pkg/scan_reader_pkg.egg-info/top_level.txt
[2.416s] reading manifest file '../../build/scan_reader_pkg/scan_reader_pkg.egg-info/SOURCES.txt'
[2.420s] writing manifest file '../../build/scan_reader_pkg/scan_reader_pkg.egg-info/SOURCES.txt'
[2.421s] running build
[2.421s] running build_py
[2.422s] copying scan_reader_pkg/obstacle_avoidance.py -> /home/thinhnguyen/ros2-lidar-obstacle-avoidance/ros2_ws/build/scan_reader_pkg/build/lib/scan_reader_pkg
[2.422s] running install
[2.424s] running install_lib
[2.426s] copying /home/thinhnguyen/ros2-lidar-obstacle-avoidance/ros2_ws/build/scan_reader_pkg/build/lib/scan_reader_pkg/obstacle_avoidance.py -> /home/thinhnguyen/ros2-lidar-obstacle-avoidance/ros2_ws/install/scan_reader_pkg/lib/python3.10/site-packages/scan_reader_pkg
[2.427s] byte-compiling /home/thinhnguyen/ros2-lidar-obstacle-avoidance/ros2_ws/install/scan_reader_pkg/lib/python3.10/site-packages/scan_reader_pkg/obstacle_avoidance.py to obstacle_avoidance.cpython-310.pyc
[2.429s] running install_data
[2.430s] running install_egg_info
[2.436s] removing '/home/thinhnguyen/ros2-lidar-obstacle-avoidance/ros2_ws/install/scan_reader_pkg/lib/python3.10/site-packages/scan_reader_pkg-0.0.0-py3.10.egg-info' (and everything under it)
[2.437s] Copying ../../build/scan_reader_pkg/scan_reader_pkg.egg-info to /home/thinhnguyen/ros2-lidar-obstacle-avoidance/ros2_ws/install/scan_reader_pkg/lib/python3.10/site-packages/scan_reader_pkg-0.0.0-py3.10.egg-info
[2.441s] running install_scripts
[2.492s] Installing obstacle_avoidance script to /home/thinhnguyen/ros2-lidar-obstacle-avoidance/ros2_ws/install/scan_reader_pkg/lib/scan_reader_pkg
[2.506s] Installing scan_reader script to /home/thinhnguyen/ros2-lidar-obstacle-avoidance/ros2_ws/install/scan_reader_pkg/lib/scan_reader_pkg
[2.507s] writing list of installed files to '/home/thinhnguyen/ros2-lidar-obstacle-avoidance/ros2_ws/build/scan_reader_pkg/install.log'
[2.588s] Invoked command in '/home/thinhnguyen/ros2-lidar-obstacle-avoidance/ros2_ws/src/scan_reader_pkg' returned '0': PYTHONPATH=/home/thinhnguyen/ros2-lidar-obstacle-avoidance/ros2_ws/build/scan_reader_pkg/prefix_override:/usr/lib/python3/dist-packages/colcon_core/task/python/colcon_distutils_commands:/home/thinhnguyen/ros2-lidar-obstacle-avoidance/ros2_ws/install/scan_reader_pkg/lib/python3.10/site-packages:${PYTHONPATH} /usr/bin/python3 -W ignore:setup.py install is deprecated -W ignore:easy_install command is deprecated setup.py egg_info --egg-base ../../build/scan_reader_pkg build --build-base /home/thinhnguyen/ros2-lidar-obstacle-avoidance/ros2_ws/build/scan_reader_pkg/build install --record /home/thinhnguyen/ros2-lidar-obstacle-avoidance/ros2_ws/build/scan_reader_pkg/install.log --install-scripts $base/lib/scan_reader_pkg --single-version-externally-managed install_data
